yarn run v1.22.11
$ next start -p 3003
- ready started server on 0.0.0.0:3003, url: http://localhost:3003
Killed
error Command failed with exit code 137.
info Visit https://yarnpkg.com/en/docs/cli/run for documentation about this command.
yarn run v1.22.11
$ next start -p 3003
- ready started server on 0.0.0.0:3003, url: http://localhost:3003
Killed
error Command failed with exit code 137.
info Visit https://yarnpkg.com/en/docs/cli/run for documentation about this command.
yarn run v1.22.11
$ next start -p 3003
- ready started server on 0.0.0.0:3003, url: http://localhost:3003
Killed
error Command failed with exit code 137.
info Visit https://yarnpkg.com/en/docs/cli/run for documentation about this command.
yarn run v1.22.11
$ next start -p 3003
- ready started server on 0.0.0.0:3003, url: http://localhost:3003
Killed
error Command failed with exit code 137.
info Visit https://yarnpkg.com/en/docs/cli/run for documentation about this command.
yarn run v1.22.11
$ next start -p 3003
- ready started server on 0.0.0.0:3003, url: http://localhost:3003
Killed
error Command failed with exit code 137.
info Visit https://yarnpkg.com/en/docs/cli/run for documentation about this command.
yarn run v1.22.11
$ next start -p 3003
- ready started server on 0.0.0.0:3003, url: http://localhost:3003
Killed
error Command failed with exit code 137.
info Visit https://yarnpkg.com/en/docs/cli/run for documentation about this command.
yarn run v1.22.11
$ next start -p 3003
- ready started server on 0.0.0.0:3003, url: http://localhost:3003
